============================= test session starts =============================
platform win32 -- Python 3.10.0, pytest-8.4.2, pluggy-1.6.0 -- C:\Users\fuvad\AppData\Local\Programs\Python\Python310\python.exe
cachedir: .pytest_cache
rootdir: C:\Users\fuvad\OneDrive\Desktop\New\Main Project\main\Delay2Decision
plugins: anyio-4.9.0, Faker-37.12.0, hydra-core-1.3.2, langsmith-0.4.8
collecting ... collected 0 items / 1 error

=================================== ERRORS ====================================
________________ ERROR collecting tests/test_indoor_planner.py ________________
ImportError while importing test module 'C:\Users\fuvad\OneDrive\Desktop\New\Main Project\main\Delay2Decision\tests\test_indoor_planner.py'.
Hint: make sure your test modules/packages have valid Python names.
Traceback:
C:\Users\fuvad\AppData\Local\Programs\Python\Python310\lib\importlib\__init__.py:126: in import_module
    return _bootstrap._gcd_import(name[level:], package, level)
tests\test_indoor_planner.py:4: in <module>
    from src.planners.indoor_graph import build_graph, walking_time_seconds
E   ModuleNotFoundError: No module named 'src'
=========================== short test summary info ===========================
ERROR tests/test_indoor_planner.py
!!!!!!!!!!!!!!!!!!! Interrupted: 1 error during collection !!!!!!!!!!!!!!!!!!!!
============================== 1 error in 0.25s ===============================
